// Jest Snapshot v1, https://goo.gl/fbAQLP

exports[`Circle should call read method which return right structure for write method 1`] = `
Array [
  Object {
    "args": Array [
      Object {
        "event": "event",
      },
    ],
    "options": Object {
      "interval": 60,
    },
    "payload": 111,
    "read": [Function],
    "time": 1,
    "write": [Function],
  },
]
`;
